=====================================================
   INF8601-LAB1-master 2.2.2: tests/test-suite.log
=====================================================

# TOTAL: 1
# PASS:  0
# SKIP:  0
# XFAIL: 0
# FAIL:  1
# XPASS: 0
# ERROR: 0

.. contents:: :depth: 2

FAIL: test-all.sh
=================

dragon_pthread.c:152 Unimplemented block dragon_limits_pthread
dragon_tbb.cpp:108 Unimplemented block dragon_limits_tbb
dragon_pthread.c:57 Unimplemented block dragon_draw_pthread
dragon_pthread.c:152 Unimplemented block dragon_limits_pthread
dragon_tbb.cpp:38 Unimplemented block dragon_draw_tbb
dragon_tbb.cpp:108 Unimplemented block dragon_limits_tbb
FAIL     limits    pthread
expected: (-2730,-2730;2730,2730)
actual  : (0,0;0,0)
FAIL     limits        tbb
expected: (-2730,-2730;2730,2730)
actual  : (0,-9197937820002364928;94848885293074,140724663110848)
FAIL       draw    pthread threshold=80 gap=-1 (0.000%)
expected: dragon_check_failed_serial.ppm
actual  : dragon_check_failed_pthread.ppm
Error executing draw with tbb
Error while executing command check
FAIL test-all.sh (exit status: 1)

